// Jest Snapshot v1, https://goo.gl/fbAQLP

exports[`HelloWorld Rendering renders correctly 1`] = `
<View
  backgroundColor="papayawhip"
  style={
    Array [
      Object {
        "alignItems": "center",
        "backgroundColor": "papayawhip",
        "flexBasis": 0,
        "flexGrow": 1,
        "flexShrink": 1,
        "justifyContent": "center",
      },
    ]
  }
>
  <Text
    style={
      Array [
        Object {
          "color": "palevioletred",
          "fontSize": 24,
          "fontWeight": "500",
        },
      ]
    }
  >
    Hello World
  </Text>
</View>
`;

exports[`HelloWorld Rendering should match to snapshot 1`] = `ShallowWrapper {}`;
