// Jest Snapshot v1, https://goo.gl/fbAQLP

exports[`index Rendering should match to snapshot 1`] = `ShallowWrapper {}`;

exports[`index Rendering should match to snapshot 2`] = `ShallowWrapper {}`;

exports[`index Rendering should match to snapshot 3`] = `ShallowWrapper {}`;
